ASxxxx Linker V03.00/V05.40 + sdld,  page 1.
Hexadecimal  [32-Bits]

Area                                    Addr        Size        Decimal Bytes (Attributes)
--------------------------------        ----        ----        ------- ----- ------------
CABS                                00000000    00000000 =           0. bytes (ABS,CON,CODE)

      Value  Global                              Global Defined In Module
      -----  --------------------------------   ------------------------
C:   00000000  l_BIT_BANK                      
C:   00000000  l_BSEG                          
C:   00000000  l_BSEG_BYTES                    
C:   00000000  l_CABS                          
C:   00000000  l_GSINIT                        
C:   00000000  l_GSINIT1                       
C:   00000000  l_GSINIT5                       
C:   00000000  l_IABS                          
C:   00000000  l_ISEG                          
C:   00000000  l_OSEG                          
C:   00000000  l_PSEG                          
C:   00000000  l_REG_BANK_1                    
C:   00000000  l_REG_BANK_2                    
C:   00000000  l_REG_BANK_3                    
C:   00000000  l_RSEG                          
C:   00000000  l_RSEG0                         
C:   00000000  l_RSEG1                         
C:   00000000  l_XABS                          
C:   00000000  l__CODE                         
C:   00000000  s_BSEG                          
C:   00000000  s_CABS                          
C:   00000000  s_DSEG                          
C:   00000000  s_HOME                          
C:   00000000  s_IABS                          
C:   00000000  s_ISEG                          
C:   00000000  s_REG_BANK_0                    
C:   00000000  s_RSEG                          
C:   00000000  s_RSEG0                         
C:   00000000  s_RSEG1                         
C:   00000000  s_XABS                          
C:   00000001  s_PSEG                          
C:   00000001  s_XSEG                          
C:   00000002  l_XINIT                         
C:   00000002  l_XISEG                         
C:   00000003  l_GSFINAL                       
C:   00000003  l_GSINIT0                       
C:   00000008  l_REG_BANK_0                    
C:   00000008  s_REG_BANK_1                    
C:   0000000A  l_GSINIT2                       
C:   0000000C  s_SSEG                          
C:   00000010  s_REG_BANK_2                    
C:   00000018  s_BIT_BANK                      
C:   00000018  s_OSEG                          
C:   00000018  s_REG_BANK_3                    
C:   00000020  s_BSEG_BYTES                    
C:   00000020  s__CODE                         
C:   00000022  l_GSINIT3                       
C:   0000002A  l_GSINIT4                       
C:   00000054  l_HOME                          
C:   00000054  s_GSINIT0                       
ASxxxx Linker V03.00/V05.40 + sdld,  page 2.
Hexadecimal  [32-Bits]

Area                                    Addr        Size        Decimal Bytes (Attributes)
--------------------------------        ----        ----        ------- ----- ------------
CABS                                00000000    00000000 =           0. bytes (ABS,CON,CODE)

      Value  Global                              Global Defined In Module
      -----  --------------------------------   ------------------------
C:   00000057  s_GSINIT1                       
C:   00000057  s_GSINIT2                       
C:   00000061  s_GSINIT3                       
C:   00000080  l_DSEG                          
C:   00000083  s_GSINIT4                       
C:   000000AD  s_GSFINAL                       
C:   000000AD  s_GSINIT                        
C:   000000AD  s_GSINIT5                       
C:   000000B0  s_CSEG                          
C:   000000F4  l_SSEG                          
C:   00000100  l_IRAM                          
C:   000001DF  l_CONST                         
C:   00000ADF  l_CSEG                          
C:   00000B8F  s_CONST                         
C:   00000D6E  s_XINIT                         
C:   0000205A  l_XSEG                          
C:   0000205B  s_XISEG                         

ASxxxx Linker V03.00/V05.40 + sdld,  page 3.
Hexadecimal  [32-Bits]

Area                                    Addr        Size        Decimal Bytes (Attributes)
--------------------------------        ----        ----        ------- ----- ------------
.  .ABS.                            00000000    00000000 =           0. bytes (ABS,CON)

      Value  Global                              Global Defined In Module
      -----  --------------------------------   ------------------------
     00000000  .__.ABS.                           _startup
     00000080  _P0                                terminal
     00000080  _P0_0                              terminal
     00000081  _P0_1                              terminal
     00000081  _SP                                terminal
     00000082  _DPL                               terminal
     00000082  _P0_2                              terminal
     00000083  _DPH                               terminal
     00000083  _P0_3                              terminal
     00000084  _P0_4                              terminal
     00000085  _P0_5                              terminal
     00000086  _P0_6                              terminal
     00000087  _P0_7                              terminal
     00000087  _PCON                              terminal
     00000088  _IT0                               terminal
     00000088  _TCON                              terminal
     00000089  _IE0                               terminal
     00000089  _TMOD                              terminal
     0000008A  _IT1                               terminal
     0000008A  _TL0                               terminal
     0000008B  _IE1                               terminal
     0000008B  _TL1                               terminal
     0000008C  _TH0                               terminal
     0000008C  _TR0                               terminal
     0000008D  _TF0                               terminal
     0000008D  _TH1                               terminal
     0000008E  _AUXR                              terminal
     0000008E  _TR1                               terminal
     0000008F  _CKCON0                            terminal
     0000008F  _TF1                               terminal
     00000090  _P1                                terminal
     00000090  _P1_0                              terminal
     00000091  _P1_1                              terminal
     00000092  _P1_2                              terminal
     00000093  _P1_3                              terminal
     00000094  _P1_4                              terminal
     00000095  _P1_5                              terminal
     00000096  _P1_6                              terminal
     00000097  _CKRL                              terminal
     00000097  _P1_7                              terminal
     00000098  _RI                                terminal
     00000098  _SCON                              terminal
     00000099  _SBUF                              terminal
     00000099  _TI                                terminal
     0000009A  _BRL                               terminal
     0000009A  _RB8                               terminal
     0000009B  _BDRCON                            terminal
     0000009B  _TB8                               terminal
     0000009C  _KBLS                              terminal
     0000009C  _REN                               terminal
ASxxxx Linker V03.00/V05.40 + sdld,  page 4.
Hexadecimal  [32-Bits]

Area                                    Addr        Size        Decimal Bytes (Attributes)
--------------------------------        ----        ----        ------- ----- ------------
.  .ABS.                            00000000    00000000 =           0. bytes (ABS,CON)

      Value  Global                              Global Defined In Module
      -----  --------------------------------   ------------------------
     0000009D  _KBE                               terminal
     0000009D  _SM2                               terminal
     0000009E  _KBF                               terminal
     0000009E  _SM1                               terminal
     0000009F  _SM0                               terminal
     000000A0  _P2                                terminal
     000000A0  _P2_0                              terminal
     000000A0  __XPAGE                            
     000000A1  _P2_1                              terminal
     000000A2  _AUXR1                             terminal
     000000A2  _P2_2                              terminal
     000000A3  _P2_3                              terminal
     000000A4  _P2_4                              terminal
     000000A5  _P2_5                              terminal
     000000A6  _P2_6                              terminal
     000000A6  _WDTRST                            terminal
     000000A7  _P2_7                              terminal
     000000A7  _WDTPRG                            terminal
     000000A8  _EX0                               terminal
     000000A8  _IE                                terminal
     000000A8  _IEN0                              terminal
     000000A9  _ET0                               terminal
     000000A9  _SADDR                             terminal
     000000AA  _EX1                               terminal
     000000AB  _ET1                               terminal
     000000AC  _ES                                terminal
     000000AD  _ET2                               terminal
     000000AE  _EC                                terminal
     000000AF  _CKCON1                            terminal
     000000AF  _EA                                terminal
     000000B0  _P3                                terminal
     000000B0  _P3_0                              terminal
     000000B0  _RXD                               terminal
     000000B1  _IEN1                              terminal
     000000B1  _P3_1                              terminal
     000000B1  _TXD                               terminal
     000000B2  _INT0                              terminal
     000000B2  _IPL1                              terminal
     000000B2  _P3_2                              terminal
     000000B3  _INT1                              terminal
     000000B3  _IPH1                              terminal
     000000B3  _P3_3                              terminal
     000000B4  _P3_4                              terminal
     000000B4  _T0                                terminal
     000000B5  _P3_5                              terminal
     000000B5  _T1                                terminal
     000000B6  _P3_6                              terminal
     000000B6  _WR                                terminal
     000000B7  _IPH0                              terminal
     000000B7  _P3_7                              terminal
     000000B7  _RD                                terminal
ASxxxx Linker V03.00/V05.40 + sdld,  page 5.
Hexadecimal  [32-Bits]

Area                                    Addr        Size        Decimal Bytes (Attributes)
--------------------------------        ----        ----        ------- ----- ------------
.  .ABS.                            00000000    00000000 =           0. bytes (ABS,CON)

      Value  Global                              Global Defined In Module
      -----  --------------------------------   ------------------------
     000000B8  _IP                                terminal
     000000B8  _IPL0                              terminal
     000000B8  _PX0                               terminal
     000000B8  _PX0L                              terminal
     000000B9  _PT0                               terminal
     000000B9  _PT0L                              terminal
     000000B9  _SADEN                             terminal
     000000BA  _PX1                               terminal
     000000BA  _PX1L                              terminal
     000000BB  _PT1                               terminal
     000000BB  _PT1L                              terminal
     000000BC  _PS                                terminal
     000000BC  _PSL                               terminal
     000000BD  _PT2                               terminal
     000000BD  _PT2L                              terminal
     000000BE  _PPCL                              terminal
     000000C0  _P4                                terminal
     000000C0  _P4_0                              terminal
     000000C1  _P4_1                              terminal
     000000C2  _P4_2                              terminal
     000000C3  _P4_3                              terminal
     000000C3  _SPCON                             terminal
     000000C4  _P4_4                              terminal
     000000C4  _SPSTA                             terminal
     000000C5  _P4_5                              terminal
     000000C5  _SPDAT                             terminal
     000000C6  _P4_6                              terminal
     000000C7  _P4_7                              terminal
     000000C8  _CP_RL2                            terminal
     000000C8  _T2CON                             terminal
     000000C8  _T2CON_0                           terminal
     000000C9  _C_T2                              terminal
     000000C9  _T2CON_1                           terminal
     000000C9  _T2MOD                             terminal
     000000CA  _RCAP2L                            terminal
     000000CA  _T2CON_2                           terminal
     000000CA  _TR2                               terminal
     000000CB  _EXEN2                             terminal
     000000CB  _RCAP2H                            terminal
     000000CB  _T2CON_3                           terminal
     000000CC  _T2CON_4                           terminal
     000000CC  _TCLK                              terminal
     000000CC  _TL2                               terminal
     000000CD  _RCLK                              terminal
     000000CD  _T2CON_5                           terminal
     000000CD  _TH2                               terminal
     000000CE  _EXF2                              terminal
     000000CE  _T2CON_6                           terminal
     000000CF  _T2CON_7                           terminal
     000000CF  _TF2                               terminal
     000000D0  _P                                 terminal
ASxxxx Linker V03.00/V05.40 + sdld,  page 6.
Hexadecimal  [32-Bits]

Area                                    Addr        Size        Decimal Bytes (Attributes)
--------------------------------        ----        ----        ------- ----- ------------
.  .ABS.                            00000000    00000000 =           0. bytes (ABS,CON)

      Value  Global                              Global Defined In Module
      -----  --------------------------------   ------------------------
     000000D0  _PSW                               terminal
     000000D1  _F1                                terminal
     000000D2  _EECON                             terminal
     000000D2  _OV                                terminal
     000000D3  _RS0                               terminal
     000000D4  _RS1                               terminal
     000000D5  _F0                                terminal
     000000D6  _AC                                terminal
     000000D7  _CY                                terminal
     000000D8  _CCF0                              terminal
     000000D8  _CCON                              terminal
     000000D9  _CCF1                              terminal
     000000D9  _CMOD                              terminal
     000000DA  _CCAPM0                            terminal
     000000DA  _CCF2                              terminal
     000000DB  _CCAPM1                            terminal
     000000DB  _CCF3                              terminal
     000000DC  _CCAPM2                            terminal
     000000DC  _CCF4                              terminal
     000000DD  _CCAPM3                            terminal
     000000DE  _CCAPM4                            terminal
     000000DE  _CR                                terminal
     000000DF  _CF                                terminal
     000000E0  _ACC                               terminal
     000000E8  _P5                                terminal
     000000E8  _P5_0                              terminal
     000000E9  _CL                                terminal
     000000E9  _P5_1                              terminal
     000000EA  _CCAP0L                            terminal
     000000EA  _P5_2                              terminal
     000000EB  _CCAP1L                            terminal
     000000EB  _P5_3                              terminal
     000000EC  _CCAP2L                            terminal
     000000EC  _P5_4                              terminal
     000000ED  _CCAP3L                            terminal
     000000ED  _P5_5                              terminal
     000000EE  _CCAP4L                            terminal
     000000EE  _P5_6                              terminal
     000000EF  _P5_7                              terminal
     000000F0  _B                                 terminal
     000000F5  _B_5                               _gptrget
     000000F6  _B_6                               _gptrget
     000000F7  _B_7                               _gptrget
     000000F9  _CH                                terminal
     000000FA  _CCAP0H                            terminal
     000000FB  _CCAP1H                            terminal
     000000FC  _CCAP2H                            terminal
     000000FD  _CCAP3H                            terminal
     000000FE  _CCAP4H                            terminal
ASxxxx Linker V03.00/V05.40 + sdld,  page 7.
Hexadecimal  [32-Bits]

Area                                    Addr        Size        Decimal Bytes (Attributes)
--------------------------------        ----        ----        ------- ----- ------------
REG_BANK_0                          00000000    00000008 =           8. bytes (REL,OVR)

      Value  Global                              Global Defined In Module
      -----  --------------------------------   ------------------------
ASxxxx Linker V03.00/V05.40 + sdld,  page 8.
Hexadecimal  [32-Bits]

Area                                    Addr        Size        Decimal Bytes (Attributes)
--------------------------------        ----        ----        ------- ----- ------------
DSEG                                00000000    00000080 =         128. bytes (REL,CON)

      Value  Global                              Global Defined In Module
      -----  --------------------------------   ------------------------
     0000000B  _bp                                _bp

ASxxxx Linker V03.00/V05.40 + sdld,  page 9.
Hexadecimal  [32-Bits]

Area                                    Addr        Size        Decimal Bytes (Attributes)
--------------------------------        ----        ----        ------- ----- ------------
SSEG                                0000000C    000000F4 =         244. bytes (REL,OVR)

      Value  Global                              Global Defined In Module
      -----  --------------------------------   ------------------------
     0000000C  __start__stack                     main

ASxxxx Linker V03.00/V05.40 + sdld,  page 10.
Hexadecimal  [32-Bits]

Area                                    Addr        Size        Decimal Bytes (Attributes)
--------------------------------        ----        ----        ------- ----- ------------
XSEG                                00000001    0000205A =        8282. bytes (REL,CON,XDATA)

      Value  Global                              Global Defined In Module
      -----  --------------------------------   ------------------------
D:   0000000E  ___sdcc_heap                       _heap
D:   00002031  _lcd_putString_PARM_2              lcd_driver
D:   00002033  _lcd_putString_PARM_3              lcd_driver
D:   00002049  _getInputOfSize_PARM_2             terminal
D:   0000204D  _getInputString_PARM_2             terminal
D:   00002050  _getInputString_PARM_3             terminal
D:   00002058  __gptrput_PARM_2                   _gptrput
D:   00002059  __mulint_PARM_2                    _mulint

ASxxxx Linker V03.00/V05.40 + sdld,  page 11.
Hexadecimal  [32-Bits]

Area                                    Addr        Size        Decimal Bytes (Attributes)
--------------------------------        ----        ----        ------- ----- ------------
XISEG                               0000205B    00000002 =           2. bytes (REL,CON,XDATA)

      Value  Global                              Global Defined In Module
      -----  --------------------------------   ------------------------
D:   0000205B  _numTimerInterrupts                timer

ASxxxx Linker V03.00/V05.40 + sdld,  page 12.
Hexadecimal  [32-Bits]

Area                                    Addr        Size        Decimal Bytes (Attributes)
--------------------------------        ----        ----        ------- ----- ------------
HOME                                00000000    00000054 =          84. bytes (REL,CON,CODE)

      Value  Global                              Global Defined In Module
      -----  --------------------------------   ------------------------
C:   00000010  sdcc_atomic_exchange_rollback_st   main
C:   00000037  sdcc_atomic_exchange_gptr_impl     main
C:   00000037  sdcc_atomic_exchange_rollback_en   main
C:   00000047  sdcc_atomic_compare_exchange_gpt   main
C:   00000051  __sdcc_program_startup             main

ASxxxx Linker V03.00/V05.40 + sdld,  page 13.
Hexadecimal  [32-Bits]

Area                                    Addr        Size        Decimal Bytes (Attributes)
--------------------------------        ----        ----        ------- ----- ------------
GSINIT0                             00000054    00000003 =           3. bytes (REL,CON,CODE)

      Value  Global                              Global Defined In Module
      -----  --------------------------------   ------------------------
C:   00000054  __sdcc_gsinit_startup              

ASxxxx Linker V03.00/V05.40 + sdld,  page 14.
Hexadecimal  [32-Bits]

Area                                    Addr        Size        Decimal Bytes (Attributes)
--------------------------------        ----        ----        ------- ----- ------------
GSINIT2                             00000057    0000000A =          10. bytes (REL,CON,CODE)

      Value  Global                              Global Defined In Module
      -----  --------------------------------   ------------------------
ASxxxx Linker V03.00/V05.40 + sdld,  page 15.
Hexadecimal  [32-Bits]

Area                                    Addr        Size        Decimal Bytes (Attributes)
--------------------------------        ----        ----        ------- ----- ------------
GSINIT3                             00000061    00000022 =          34. bytes (REL,CON,CODE)

      Value  Global                              Global Defined In Module
      -----  --------------------------------   ------------------------
C:   00000061  __mcs51_genXINIT                   

ASxxxx Linker V03.00/V05.40 + sdld,  page 16.
Hexadecimal  [32-Bits]

Area                                    Addr        Size        Decimal Bytes (Attributes)
--------------------------------        ----        ----        ------- ----- ------------
GSINIT4                             00000083    0000002A =          42. bytes (REL,CON,CODE)

      Value  Global                              Global Defined In Module
      -----  --------------------------------   ------------------------
C:   00000083  __mcs51_genRAMCLEAR                
C:   00000089  __mcs51_genXRAMCLEAR               

ASxxxx Linker V03.00/V05.40 + sdld,  page 17.
Hexadecimal  [32-Bits]

Area                                    Addr        Size        Decimal Bytes (Attributes)
--------------------------------        ----        ----        ------- ----- ------------
GSFINAL                             000000AD    00000003 =           3. bytes (REL,CON,CODE)

      Value  Global                              Global Defined In Module
      -----  --------------------------------   ------------------------
ASxxxx Linker V03.00/V05.40 + sdld,  page 18.
Hexadecimal  [32-Bits]

Area                                    Addr        Size        Decimal Bytes (Attributes)
--------------------------------        ----        ----        ------- ----- ------------
CSEG                                000000B0    00000ADF =        2783. bytes (REL,CON,CODE)

      Value  Global                              Global Defined In Module
      -----  --------------------------------   ------------------------
C:   000001F9  _main                              main
C:   0000021D  _interrupt_init                    main
C:   00000224  _timer0_interrupt                  main
C:   0000023F  _Intr0                             main
C:   00000240  _putchar                           my_serial
C:   00000266  _getchar                           my_serial
C:   0000027B  _getandputchar                     my_serial
C:   0000029F  _serial_initX2                     my_serial
C:   00000376  _i2c_init                          i2c_driver
C:   0000037B  _i2c_edidSend                      i2c_driver
C:   00000452  _lcd_init                          lcd_driver
C:   000004D8  _lcd_pullBusy                      lcd_driver
C:   000004E2  _lcd_pullBusyBlock                 lcd_driver
C:   000004ED  _lcd_putchar                       lcd_driver
C:   0000051C  _lcd_putString                     lcd_driver
C:   0000059D  _lcd_clear                         lcd_driver
C:   000005A7  _timer0_init                       timer
C:   000005C4  _timer0_pause                      timer
C:   000005C8  _timer0_resume                     timer
C:   000005CC  _timer0_reset                      timer
C:   000005E4  _timer0_getTime                    timer
C:   00000783  _Terminal_run                      terminal
C:   000007C6  _Terminal_Help                     terminal
C:   00000812  _Terminal_Timer                    terminal
C:   00000866  _getInputOfSize                    terminal
C:   00000954  _getInputString                    terminal
C:   000009E5  _getandputcharUpdate               terminal
C:   00000A2B  __gptrput                          _gptrput
C:   00000A46  _printf_tiny                       printf_tiny
C:   00000B4F  __mulint                           _mulint
C:   00000B6F  __gptrget                          _gptrget
C:   00000B8B  ___sdcc_external_startup           _startup

ASxxxx Linker V03.00/V05.40 + sdld,  page 19.
Hexadecimal  [32-Bits]

Area                                    Addr        Size        Decimal Bytes (Attributes)
--------------------------------        ----        ----        ------- ----- ------------
CONST                               00000B8F    000001DF =         479. bytes (REL,CON,CODE)

      Value  Global                              Global Defined In Module
      -----  --------------------------------   ------------------------
C:   00000B9D  ___sdcc_heap_size                  _heap

ASxxxx Linker V03.00/V05.40 + sdld,  page 20.
Hexadecimal  [32-Bits]

Area                                    Addr        Size        Decimal Bytes (Attributes)
--------------------------------        ----        ----        ------- ----- ------------
XINIT                               00000D6E    00000002 =           2. bytes (REL,CON,CODE)

      Value  Global                              Global Defined In Module
      -----  --------------------------------   ------------------------
ASxxxx Linker V03.00/V05.40 + sdld,  page 21.

Files Linked                              [ module(s) ]

bin/main.rel                              [  ]
bin/my_serial.rel                         [  ]
bin/_heap.rel                             [  ]
bin/i2c_driver.rel                        [  ]
bin/lcd_driver.rel                        [  ]
bin/timer.rel                             [  ]
bin/terminal.rel                          [  ]


Libraries Linked                          [ object file ]

C:\Program Files\SDCC\bin\..\lib\large/mcs51.lib
                                          [ crtclear.rel ]
C:\Program Files\SDCC\bin\..\lib\large/mcs51.lib
                                          [ crtxinit.rel ]
C:\Program Files\SDCC\bin\..\lib\large/libsdcc.lib
                                          [ _gptrput.rel ]
C:\Program Files\SDCC\bin\..\lib\large/libsdcc.lib
                                          [ printf_tiny.rel ]
C:\Program Files\SDCC\bin\..\lib\large/libint.lib
                                          [ _mulint.rel ]
C:\Program Files\SDCC\bin\..\lib\large/mcs51.lib
                                          [ crtxclear.rel ]
C:\Program Files\SDCC\bin\..\lib\large/libsdcc.lib
                                          [ _bp.rel ]
C:\Program Files\SDCC\bin\..\lib\large/mcs51.lib
                                          [ crtpagesfr.rel ]
C:\Program Files\SDCC\bin\..\lib\large/mcs51.lib
                                          [ crtstart.rel ]
C:\Program Files\SDCC\bin\..\lib\large/libsdcc.lib
                                          [ _gptrget.rel ]
C:\Program Files\SDCC\bin\..\lib\large/libsdcc.lib
                                          [ _startup.rel ]

ASxxxx Linker V03.00/V05.40 + sdld,  page 22.

User Base Address Definitions

HOME = 0x0000
XSEG = 0x0001
PSEG = 0x0001
ISEG = 0x0000
BSEG = 0x0000

